<html>
<body>
<pre>
<h1>礦ision Build Log</h1>
<h2>Tool Versions:</h2>
IDE-Version: μVision V5.27.1.0
Copyright (C) 2019 ARM Ltd and ARM Germany GmbH. All rights reserved.
License Information:  hmx Administrator, microsoft, LIC=R4HVE-5LK2F-E0NN4-FR4JY-QK6DS-PQBYU
 
Tool Versions:
Toolchain:       MDK-ARM Professional  Version: 5.14.0.0
Toolchain Path:  G:\keil5\ARM\ARMCC\Bin
C Compiler:      Armcc.exe V5.05 update 1 (build 106)
Assembler:       Armasm.exe V5.05 update 1 (build 106)
Linker/Locator:  ArmLink.exe V5.05 update 1 (build 106)
Library Manager: ArmAr.exe V5.05 update 1 (build 106)
Hex Converter:   FromElf.exe V5.05 update 1 (build 106)
CPU DLL:         SARMCM3.DLL V5.14.0.0
Dialog DLL:      DCM.DLL V1.13.1.0
Target DLL:      CMSIS_AGDI.dll V1.21.0.0
Dialog DLL:      TCM.DLL V1.14.4.0
 
<h2>Project:</h2>
C:\Users\Administrator\Desktop\32\嵌入式第一版stm32库函数\LED\USER\LED.uvprojx
Project File Date:  11/08/2020

<h2>Output:</h2>
*** Using Compiler 'V5.05 update 1 (build 106)', folder: 'G:\keil5\ARM\ARMCC\Bin'
Build target 'Target 1'
compiling STM32_EXTI.c...
.\Firmware_library\Peripheral\stdlib.h(17): warning:  #47-D: incompatible redefinition of macro "__ARMCLIB_VERSION" (declared at line 20 of "G:\keil5\ARM\ARMCC\Bin\..\include\stdio.h")
  #define __ARMCLIB_VERSION 5060019
.\Firmware_library\Scoke\http_head.h(106): warning:  #1295-D: Deprecated declaration HTTP_feedback - give arg types
  void HTTP_feedback();//http应答响应
Firmware_library\Basic\STM32_EXTI.c: 2 warnings, 0 errors
linking...
Program Size: Code=11836 RO-data=1312 RW-data=488 ZI-data=1832  
FromELF: creating hex file...
"..\OBJ\LED.axf" - 0 Error(s), 2 Warning(s).

<h2>Software Packages used:</h2>

Package Vendor: Keil
                http://www.keil.com/pack/Keil.STM32F1xx_DFP.1.0.5.pack
                Keil.STM32F1xx_DFP.1.0.5
                STMicroelectronics STM32F1 Series Device Support, Drivers and Examples

<h2>Collection of Component include folders:</h2>
  .\RTE\_Target_1
  G:\keil5\ARM\PACK\Keil\STM32F1xx_DFP\1.0.5\Device\Include

<h2>Collection of Component Files used:</h2>
Build Time Elapsed:  00:00:02
</pre>
</body>
</html>
